[2024-03-10T07:28:09.573+0000][0.015s] Using G1
[2024-03-10T07:28:09.929+0000][0.372s] Version: 17.0.10+7 (release)
[2024-03-10T07:28:09.931+0000][0.374s] CPUs: 5 total, 5 available
[2024-03-10T07:28:09.933+0000][0.375s] Memory: 7850M
[2024-03-10T07:28:09.934+0000][0.376s] Large Page Support: Disabled
[2024-03-10T07:28:09.936+0000][0.378s] NUMA Support: Disabled
[2024-03-10T07:28:09.937+0000][0.380s] Compressed Oops: Enabled (32-bit)
[2024-03-10T07:28:09.939+0000][0.381s] Heap Region Size: 1M
[2024-03-10T07:28:09.941+0000][0.383s] Heap Min Capacity: 512M
[2024-03-10T07:28:09.942+0000][0.384s] Heap Initial Capacity: 512M
[2024-03-10T07:28:09.943+0000][0.385s] Heap Max Capacity: 512M
[2024-03-10T07:28:09.944+0000][0.386s] Pre-touch: Enabled
[2024-03-10T07:28:09.959+0000][0.402s] Parallel Workers: 5
[2024-03-10T07:28:09.960+0000][0.403s] Concurrent Workers: 1
[2024-03-10T07:28:09.962+0000][0.405s] Concurrent Refinement Workers: 5
[2024-03-10T07:28:09.963+0000][0.406s] Periodic GC: Disabled
[2024-03-10T07:28:09.978+0000][0.421s] CDS archive(s) mapped at: [0x0000000600000000-0x0000000600a5f000-0x0000000600a5f000), size 10874880, SharedBaseAddress: 0x0000000600000000, ArchiveRelocationMode: 1.
[2024-03-10T07:28:09.980+0000][0.422s] Compressed class space mapped at: 0x0000000601000000-0x0000000641000000, reserved size: 1073741824
[2024-03-10T07:28:09.981+0000][0.424s] Narrow klass base: 0x0000000600000000, Narrow klass shift: 0, Narrow klass range: 0x100000000
[2024-03-10T07:28:10.456+0000][0.898s] GC(0) Pause Young (Normal) (G1 Evacuation Pause)
[2024-03-10T07:28:10.457+0000][0.900s] GC(0) Using 5 workers of 5 for evacuation
[2024-03-10T07:28:10.464+0000][0.906s] GC(0)   Pre Evacuate Collection Set: 0.2ms
[2024-03-10T07:28:10.466+0000][0.908s] GC(0)   Merge Heap Roots: 0.1ms
[2024-03-10T07:28:10.468+0000][0.910s] GC(0)   Evacuate Collection Set: 2.4ms
[2024-03-10T07:28:10.469+0000][0.912s] GC(0)   Post Evacuate Collection Set: 1.2ms
[2024-03-10T07:28:10.471+0000][0.913s] GC(0)   Other: 4.1ms
[2024-03-10T07:28:10.472+0000][0.915s] GC(0) Eden regions: 25->0(36)
[2024-03-10T07:28:10.474+0000][0.916s] GC(0) Survivor regions: 0->4(4)
[2024-03-10T07:28:10.475+0000][0.917s] GC(0) Old regions: 0->0
[2024-03-10T07:28:10.476+0000][0.918s] GC(0) Archive regions: 2->2
[2024-03-10T07:28:10.481+0000][0.924s] GC(0) Humongous regions: 0->0
[2024-03-10T07:28:10.482+0000][0.925s] GC(0) Metaspace: 9105K(9344K)->9105K(9344K) NonClass: 7982K(8128K)->7982K(8128K) Class: 1123K(1216K)->1123K(1216K)
[2024-03-10T07:28:10.484+0000][0.926s] GC(0) Pause Young (Normal) (G1 Evacuation Pause) 25M->4M(512M) 27.943ms
[2024-03-10T07:28:10.485+0000][0.928s] GC(0) User=0.01s Sys=0.00s Real=0.03s
[2024-03-10T07:28:10.906+0000][1.348s] GC(1) Pause Young (Normal) (G1 Evacuation Pause)
[2024-03-10T07:28:10.908+0000][1.350s] GC(1) Using 5 workers of 5 for evacuation
[2024-03-10T07:28:10.917+0000][1.360s] GC(1)   Pre Evacuate Collection Set: 0.1ms
[2024-03-10T07:28:10.919+0000][1.361s] GC(1)   Merge Heap Roots: 0.4ms
[2024-03-10T07:28:10.920+0000][1.362s] GC(1)   Evacuate Collection Set: 6.6ms
[2024-03-10T07:28:10.921+0000][1.364s] GC(1)   Post Evacuate Collection Set: 1.1ms
[2024-03-10T07:28:10.923+0000][1.365s] GC(1)   Other: 3.2ms
[2024-03-10T07:28:10.924+0000][1.366s] GC(1) Eden regions: 34->0(40)
[2024-03-10T07:28:10.925+0000][1.368s] GC(1) Survivor regions: 4->5(5)
[2024-03-10T07:28:10.927+0000][1.369s] GC(1) Old regions: 0->9
[2024-03-10T07:28:10.929+0000][1.371s] GC(1) Archive regions: 2->2
[2024-03-10T07:28:10.930+0000][1.372s] GC(1) Humongous regions: 4->4
[2024-03-10T07:28:10.931+0000][1.374s] GC(1) Metaspace: 17715K(17984K)->17715K(17984K) NonClass: 15512K(15680K)->15512K(15680K) Class: 2203K(2304K)->2203K(2304K)
[2024-03-10T07:28:10.932+0000][1.375s] GC(1) Pause Young (Normal) (G1 Evacuation Pause) 42M->18M(512M) 26.334ms
[2024-03-10T07:28:10.934+0000][1.376s] GC(1) User=0.03s Sys=0.01s Real=0.03s
[2024-03-10T07:28:11.173+0000][1.615s] GC(2) Pause Young (Normal) (G1 Evacuation Pause)
[2024-03-10T07:28:11.176+0000][1.619s] GC(2) Using 5 workers of 5 for evacuation
[2024-03-10T07:28:11.184+0000][1.626s] GC(2)   Pre Evacuate Collection Set: 0.2ms
[2024-03-10T07:28:11.186+0000][1.628s] GC(2)   Merge Heap Roots: 0.4ms
[2024-03-10T07:28:11.187+0000][1.629s] GC(2)   Evacuate Collection Set: 2.6ms
[2024-03-10T07:28:11.188+0000][1.631s] GC(2)   Post Evacuate Collection Set: 1.0ms
[2024-03-10T07:28:11.189+0000][1.632s] GC(2)   Other: 6.9ms
[2024-03-10T07:28:11.190+0000][1.633s] GC(2) Eden regions: 40->0(302)
[2024-03-10T07:28:11.195+0000][1.637s] GC(2) Survivor regions: 5->5(6)
[2024-03-10T07:28:11.196+0000][1.639s] GC(2) Old regions: 9->15
[2024-03-10T07:28:11.197+0000][1.640s] GC(2) Archive regions: 2->2
[2024-03-10T07:28:11.198+0000][1.640s] GC(2) Humongous regions: 4->4
[2024-03-10T07:28:11.199+0000][1.641s] GC(2) Metaspace: 19452K(19776K)->19452K(19776K) NonClass: 17061K(17216K)->17061K(17216K) Class: 2391K(2560K)->2391K(2560K)
[2024-03-10T07:28:11.200+0000][1.643s] GC(2) Pause Young (Normal) (G1 Evacuation Pause) 58M->23M(512M) 27.389ms
[2024-03-10T07:28:11.202+0000][1.644s] GC(2) User=0.02s Sys=0.00s Real=0.03s
[2024-03-10T07:28:11.287+0000][1.729s] GC(3) Pause Young (Concurrent Start) (Metadata GC Threshold)
[2024-03-10T07:28:11.288+0000][1.731s] GC(3) Using 5 workers of 5 for evacuation
[2024-03-10T07:28:11.292+0000][1.735s] GC(3)   Pre Evacuate Collection Set: 0.2ms
[2024-03-10T07:28:11.296+0000][1.738s] GC(3)   Merge Heap Roots: 0.1ms
[2024-03-10T07:28:11.297+0000][1.739s] GC(3)   Evacuate Collection Set: 1.3ms
[2024-03-10T07:28:11.298+0000][1.741s] GC(3)   Post Evacuate Collection Set: 0.6ms
[2024-03-10T07:28:11.299+0000][1.742s] GC(3)   Other: 3.4ms
[2024-03-10T07:28:11.300+0000][1.743s] GC(3) Eden regions: 11->0(302)
[2024-03-10T07:28:11.302+0000][1.744s] GC(3) Survivor regions: 5->5(39)
[2024-03-10T07:28:11.303+0000][1.746s] GC(3) Old regions: 15->15
[2024-03-10T07:28:11.304+0000][1.747s] GC(3) Archive regions: 2->2
[2024-03-10T07:28:11.306+0000][1.748s] GC(3) Humongous regions: 4->4
[2024-03-10T07:28:11.306+0000][1.749s] GC(3) Metaspace: 21189K(21504K)->21189K(21504K) NonClass: 18577K(18752K)->18577K(18752K) Class: 2611K(2752K)->2611K(2752K)
[2024-03-10T07:28:11.308+0000][1.750s] GC(3) Pause Young (Concurrent Start) (Metadata GC Threshold) 34M->24M(512M) 20.802ms
[2024-03-10T07:28:11.312+0000][1.754s] GC(3) User=0.01s Sys=0.00s Real=0.03s
[2024-03-10T07:28:11.313+0000][1.755s] GC(4) Concurrent Mark Cycle
[2024-03-10T07:28:11.313+0000][1.756s] GC(4) Concurrent Clear Claimed Marks
[2024-03-10T07:28:11.315+0000][1.757s] GC(4) Concurrent Clear Claimed Marks 1.177ms
[2024-03-10T07:28:11.316+0000][1.758s] GC(4) Concurrent Scan Root Regions
[2024-03-10T07:28:11.319+0000][1.761s] GC(4) Concurrent Scan Root Regions 2.956ms
[2024-03-10T07:28:11.321+0000][1.763s] GC(4) Concurrent Mark
[2024-03-10T07:28:11.322+0000][1.764s] GC(4) Concurrent Mark From Roots
[2024-03-10T07:28:11.323+0000][1.766s] GC(4) Using 1 workers of 1 for marking
[2024-03-10T07:28:11.340+0000][1.783s] GC(4) Concurrent Mark From Roots 18.532ms
[2024-03-10T07:28:11.342+0000][1.784s] GC(4) Concurrent Preclean
[2024-03-10T07:28:11.344+0000][1.786s] GC(4) Concurrent Preclean 1.989ms
[2024-03-10T07:28:11.349+0000][1.791s] GC(4) Pause Remark
[2024-03-10T07:28:11.362+0000][1.805s] GC(4) Pause Remark 27M->27M(512M) 13.665ms
[2024-03-10T07:28:11.384+0000][1.827s] GC(4) User=0.02s Sys=0.01s Real=0.04s
[2024-03-10T07:28:11.386+0000][1.829s] GC(4) Concurrent Mark 65.572ms
[2024-03-10T07:28:11.416+0000][1.859s] GC(4) Concurrent Rebuild Remembered Sets
[2024-03-10T07:28:11.451+0000][1.894s] GC(4) Concurrent Rebuild Remembered Sets 35.002ms
[2024-03-10T07:28:11.454+0000][1.896s] GC(4) Pause Cleanup
[2024-03-10T07:28:11.456+0000][1.899s] GC(4) Pause Cleanup 30M->30M(512M) 2.541ms
[2024-03-10T07:28:11.460+0000][1.902s] GC(4) User=0.02s Sys=0.00s Real=0.00s
[2024-03-10T07:28:11.461+0000][1.904s] GC(4) Concurrent Cleanup for Next Mark
[2024-03-10T07:28:11.464+0000][1.906s] GC(4) Concurrent Cleanup for Next Mark 2.391ms
[2024-03-10T07:28:11.469+0000][1.911s] GC(4) Concurrent Mark Cycle 156.095ms
[2024-03-10T07:28:13.288+0000][3.731s] GC(5) Pause Young (Concurrent Start) (Metadata GC Threshold)
[2024-03-10T07:28:13.292+0000][3.734s] GC(5) Using 5 workers of 5 for evacuation
[2024-03-10T07:28:13.305+0000][3.748s] GC(5)   Pre Evacuate Collection Set: 0.5ms
[2024-03-10T07:28:13.307+0000][3.749s] GC(5)   Merge Heap Roots: 0.2ms
[2024-03-10T07:28:13.308+0000][3.751s] GC(5)   Evacuate Collection Set: 8.1ms
[2024-03-10T07:28:13.309+0000][3.752s] GC(5)   Post Evacuate Collection Set: 2.7ms
[2024-03-10T07:28:13.310+0000][3.753s] GC(5)   Other: 5.5ms
[2024-03-10T07:28:13.312+0000][3.754s] GC(5) Eden regions: 87->0(296)
[2024-03-10T07:28:13.313+0000][3.755s] GC(5) Survivor regions: 5->11(39)
[2024-03-10T07:28:13.314+0000][3.757s] GC(5) Old regions: 15->15
[2024-03-10T07:28:13.318+0000][3.761s] GC(5) Archive regions: 2->2
[2024-03-10T07:28:13.319+0000][3.762s] GC(5) Humongous regions: 4->4
[2024-03-10T07:28:13.321+0000][3.763s] GC(5) Metaspace: 36266K(36608K)->36266K(36608K) NonClass: 31704K(31872K)->31704K(31872K) Class: 4561K(4736K)->4561K(4736K)
[2024-03-10T07:28:13.322+0000][3.765s] GC(5) Pause Young (Concurrent Start) (Metadata GC Threshold) 110M->29M(512M) 34.062ms
[2024-03-10T07:28:13.323+0000][3.766s] GC(5) User=0.04s Sys=0.01s Real=0.04s
[2024-03-10T07:28:13.325+0000][3.767s] GC(6) Concurrent Mark Cycle
[2024-03-10T07:28:13.326+0000][3.768s] GC(6) Concurrent Clear Claimed Marks
[2024-03-10T07:28:13.327+0000][3.769s] GC(6) Concurrent Clear Claimed Marks 1.210ms
[2024-03-10T07:28:13.329+0000][3.771s] GC(6) Concurrent Scan Root Regions
[2024-03-10T07:28:13.334+0000][3.777s] GC(6) Concurrent Scan Root Regions 5.806ms
[2024-03-10T07:28:13.337+0000][3.780s] GC(6) Concurrent Mark
[2024-03-10T07:28:13.344+0000][3.786s] GC(6) Concurrent Mark From Roots
[2024-03-10T07:28:13.345+0000][3.788s] GC(6) Using 1 workers of 1 for marking
[2024-03-10T07:28:13.367+0000][3.810s] GC(6) Concurrent Mark From Roots 23.047ms
[2024-03-10T07:28:13.369+0000][3.811s] GC(6) Concurrent Preclean
[2024-03-10T07:28:13.371+0000][3.813s] GC(6) Concurrent Preclean 2.033ms
[2024-03-10T07:28:13.377+0000][3.819s] GC(6) Pause Remark
[2024-03-10T07:28:13.385+0000][3.828s] GC(6) Pause Remark 34M->34M(512M) 8.778ms
[2024-03-10T07:28:13.387+0000][3.830s] GC(6) User=0.02s Sys=0.00s Real=0.01s
[2024-03-10T07:28:13.388+0000][3.831s] GC(6) Concurrent Mark 51.293ms
[2024-03-10T07:28:13.390+0000][3.832s] GC(6) Concurrent Rebuild Remembered Sets
[2024-03-10T07:28:13.411+0000][3.853s] GC(6) Concurrent Rebuild Remembered Sets 21.192ms
[2024-03-10T07:28:13.412+0000][3.855s] GC(6) Pause Cleanup
[2024-03-10T07:28:13.414+0000][3.856s] GC(6) Pause Cleanup 36M->36M(512M) 1.858ms
[2024-03-10T07:28:13.415+0000][3.858s] GC(6) User=0.00s Sys=0.00s Real=0.00s
[2024-03-10T07:28:13.416+0000][3.859s] GC(6) Concurrent Cleanup for Next Mark
[2024-03-10T07:28:13.423+0000][3.866s] GC(6) Concurrent Cleanup for Next Mark 6.760ms
[2024-03-10T07:28:13.425+0000][3.867s] GC(6) Concurrent Mark Cycle 100.044ms
[2024-03-10T09:08:03.613+0000][5994.065s] GC(7) Pause Young (Concurrent Start) (G1 Evacuation Pause)
[2024-03-10T09:08:03.614+0000][5994.066s] GC(7) Using 5 workers of 5 for evacuation
[2024-03-10T09:08:03.702+0000][5994.154s] GC(7)   Pre Evacuate Collection Set: 1.3ms
[2024-03-10T09:08:03.704+0000][5994.156s] GC(7)   Merge Heap Roots: 0.4ms
[2024-03-10T09:08:03.705+0000][5994.157s] GC(7)   Evacuate Collection Set: 79.6ms
[2024-03-10T09:08:03.707+0000][5994.159s] GC(7)   Post Evacuate Collection Set: 2.9ms
[2024-03-10T09:08:03.708+0000][5994.160s] GC(7)   Other: 5.2ms
[2024-03-10T09:08:03.710+0000][5994.162s] GC(7) Eden regions: 296->0(237)
[2024-03-10T09:08:03.711+0000][5994.163s] GC(7) Survivor regions: 11->28(39)
[2024-03-10T09:08:03.712+0000][5994.164s] GC(7) Old regions: 15->15
[2024-03-10T09:08:03.714+0000][5994.166s] GC(7) Archive regions: 2->2
[2024-03-10T09:08:03.715+0000][5994.167s] GC(7) Humongous regions: 4->4
[2024-03-10T09:08:03.733+0000][5994.185s] GC(7) Metaspace: 58242K(58816K)->58242K(58816K) NonClass: 50858K(51136K)->50858K(51136K) Class: 7383K(7680K)->7383K(7680K)
[2024-03-10T09:08:03.734+0000][5994.186s] GC(7) Pause Young (Concurrent Start) (G1 Evacuation Pause) 325M->46M(512M) 121.391ms
[2024-03-10T09:08:03.737+0000][5994.189s] GC(7) User=0.41s Sys=0.00s Real=0.12s
[2024-03-10T09:08:03.739+0000][5994.191s] GC(8) Concurrent Mark Cycle
[2024-03-10T09:08:03.740+0000][5994.192s] GC(8) Concurrent Clear Claimed Marks
[2024-03-10T09:08:03.741+0000][5994.193s] GC(8) Concurrent Clear Claimed Marks 1.419ms
[2024-03-10T09:08:03.743+0000][5994.195s] GC(8) Concurrent Scan Root Regions
[2024-03-10T09:08:03.758+0000][5994.210s] GC(8) Concurrent Scan Root Regions 14.957ms
[2024-03-10T09:08:03.762+0000][5994.214s] GC(8) Concurrent Mark
[2024-03-10T09:08:03.763+0000][5994.215s] GC(8) Concurrent Mark From Roots
[2024-03-10T09:08:03.764+0000][5994.216s] GC(8) Using 1 workers of 1 for marking
[2024-03-10T09:08:03.783+0000][5994.235s] GC(8) Concurrent Mark From Roots 19.873ms
[2024-03-10T09:08:03.784+0000][5994.237s] GC(8) Concurrent Preclean
[2024-03-10T09:08:03.786+0000][5994.238s] GC(8) Concurrent Preclean 1.601ms
[2024-03-10T09:08:03.787+0000][5994.239s] GC(8) Pause Remark
[2024-03-10T09:08:03.812+0000][5994.264s] GC(8) Pause Remark 49M->49M(512M) 24.586ms
[2024-03-10T09:08:03.813+0000][5994.265s] GC(8) User=0.10s Sys=0.00s Real=0.03s
[2024-03-10T09:08:03.824+0000][5994.276s] GC(8) Concurrent Mark 61.887ms
[2024-03-10T09:08:03.825+0000][5994.277s] GC(8) Concurrent Rebuild Remembered Sets
[2024-03-10T09:08:03.833+0000][5994.285s] GC(8) Concurrent Rebuild Remembered Sets 8.096ms
[2024-03-10T09:08:03.839+0000][5994.291s] GC(8) Pause Cleanup
[2024-03-10T09:08:03.840+0000][5994.292s] GC(8) Pause Cleanup 49M->49M(512M) 1.381ms
[2024-03-10T09:08:03.841+0000][5994.293s] GC(8) User=0.00s Sys=0.00s Real=0.01s
[2024-03-10T09:08:03.843+0000][5994.295s] GC(8) Concurrent Cleanup for Next Mark
[2024-03-10T09:08:03.850+0000][5994.302s] GC(8) Concurrent Cleanup for Next Mark 7.255ms
[2024-03-10T09:08:03.852+0000][5994.304s] GC(8) Concurrent Mark Cycle 113.060ms
